2026-08-06 14:42:50,566 | INFO | hyde.loogle.runner | Prepared frozen qasper_64k population documents=23 chunks=3129 labeled_queries=1372
2026-08-06 14:42:50,640 | INFO | hyde.loogle.runner | HyDE generation progress queries=1/1372 cache_hits=1
2026-08-06 14:42:50,641 | INFO | hyde.loogle.runner | HyDE generation progress queries=10/1372 cache_hits=10
2026-08-06 14:42:50,641 | INFO | hyde.loogle.runner | HyDE generation progress queries=20/1372 cache_hits=20
2026-08-06 14:42:50,641 | INFO | hyde.loogle.runner | HyDE generation progress queries=30/1372 cache_hits=30
2026-08-06 14:42:50,641 | INFO | hyde.loogle.runner | HyDE generation progress queries=40/1372 cache_hits=40
2026-08-06 14:42:50,641 | INFO | hyde.loogle.runner | HyDE generation progress queries=50/1372 cache_hits=50
2026-08-06 14:42:50,641 | INFO | hyde.loogle.runner | HyDE generation progress queries=60/1372 cache_hits=60
2026-08-06 14:42:50,641 | INFO | hyde.loogle.runner | HyDE generation progress queries=70/1372 cache_hits=70
2026-08-06 14:42:50,641 | INFO | hyde.loogle.runner | HyDE generation progress queries=80/1372 cache_hits=80
2026-08-06 14:42:50,641 | INFO | hyde.loogle.runner | HyDE generation progress queries=90/1372 cache_hits=90
2026-08-06 14:42:50,641 | INFO | hyde.loogle.runner | HyDE generation progress queries=100/1372 cache_hits=100
2026-08-06 14:42:50,641 | INFO | hyde.loogle.runner | HyDE generation progress queries=110/1372 cache_hits=110
2026-08-06 14:42:50,641 | INFO | hyde.loogle.runner | HyDE generation progress queries=120/1372 cache_hits=120
2026-08-06 14:42:50,642 | INFO | hyde.loogle.runner | HyDE generation progress queries=130/1372 cache_hits=130
2026-08-06 14:42:50,642 | INFO | hyde.loogle.runner | HyDE generation progress queries=140/1372 cache_hits=140
2026-08-06 14:42:50,642 | INFO | hyde.loogle.runner | HyDE generation progress queries=150/1372 cache_hits=150
2026-08-06 14:42:50,642 | INFO | hyde.loogle.runner | HyDE generation progress queries=160/1372 cache_hits=160
2026-08-06 14:42:50,642 | INFO | hyde.loogle.runner | HyDE generation progress queries=170/1372 cache_hits=170
2026-08-06 14:42:50,642 | INFO | hyde.loogle.runner | HyDE generation progress queries=180/1372 cache_hits=180
2026-08-06 14:42:50,642 | INFO | hyde.loogle.runner | HyDE generation progress queries=190/1372 cache_hits=190
2026-08-06 14:42:50,642 | INFO | hyde.loogle.runner | HyDE generation progress queries=200/1372 cache_hits=200
2026-08-06 14:42:50,642 | INFO | hyde.loogle.runner | HyDE generation progress queries=210/1372 cache_hits=210
2026-08-06 14:42:50,642 | INFO | hyde.loogle.runner | HyDE generation progress queries=220/1372 cache_hits=220
2026-08-06 14:42:50,642 | INFO | hyde.loogle.runner | HyDE generation progress queries=230/1372 cache_hits=230
2026-08-06 14:42:50,642 | INFO | hyde.loogle.runner | HyDE generation progress queries=240/1372 cache_hits=240
2026-08-06 14:42:50,642 | INFO | hyde.loogle.runner | HyDE generation progress queries=250/1372 cache_hits=250
2026-08-06 14:42:50,642 | INFO | hyde.loogle.runner | HyDE generation progress queries=260/1372 cache_hits=260
2026-08-06 14:42:50,643 | INFO | hyde.loogle.runner | HyDE generation progress queries=270/1372 cache_hits=270
2026-08-06 14:42:50,643 | INFO | hyde.loogle.runner | HyDE generation progress queries=280/1372 cache_hits=280
2026-08-06 14:42:50,643 | INFO | hyde.loogle.runner | HyDE generation progress queries=290/1372 cache_hits=290
2026-08-06 14:42:50,643 | INFO | hyde.loogle.runner | HyDE generation progress queries=300/1372 cache_hits=300
2026-08-06 14:42:50,643 | INFO | hyde.loogle.runner | HyDE generation progress queries=310/1372 cache_hits=310
2026-08-06 14:42:50,643 | INFO | hyde.loogle.runner | HyDE generation progress queries=320/1372 cache_hits=320
2026-08-06 14:42:50,643 | INFO | hyde.loogle.runner | HyDE generation progress queries=330/1372 cache_hits=330
2026-08-06 14:42:50,643 | INFO | hyde.loogle.runner | HyDE generation progress queries=340/1372 cache_hits=340
2026-08-06 14:42:50,643 | INFO | hyde.loogle.runner | HyDE generation progress queries=350/1372 cache_hits=350
2026-08-06 14:42:50,643 | INFO | hyde.loogle.runner | HyDE generation progress queries=360/1372 cache_hits=360
2026-08-06 14:42:50,643 | INFO | hyde.loogle.runner | HyDE generation progress queries=370/1372 cache_hits=370
2026-08-06 14:42:50,643 | INFO | hyde.loogle.runner | HyDE generation progress queries=380/1372 cache_hits=380
2026-08-06 14:42:50,643 | INFO | hyde.loogle.runner | HyDE generation progress queries=390/1372 cache_hits=390
2026-08-06 14:42:50,643 | INFO | hyde.loogle.runner | HyDE generation progress queries=400/1372 cache_hits=400
2026-08-06 14:42:50,643 | INFO | hyde.loogle.runner | HyDE generation progress queries=410/1372 cache_hits=410
2026-08-06 14:42:50,644 | INFO | hyde.loogle.runner | HyDE generation progress queries=420/1372 cache_hits=420
2026-08-06 14:42:50,644 | INFO | hyde.loogle.runner | HyDE generation progress queries=430/1372 cache_hits=430
2026-08-06 14:42:50,644 | INFO | hyde.loogle.runner | HyDE generation progress queries=440/1372 cache_hits=440
2026-08-06 14:42:50,644 | INFO | hyde.loogle.runner | HyDE generation progress queries=450/1372 cache_hits=450
2026-08-06 14:42:50,644 | INFO | hyde.loogle.runner | HyDE generation progress queries=460/1372 cache_hits=460
2026-08-06 14:42:50,644 | INFO | hyde.loogle.runner | HyDE generation progress queries=470/1372 cache_hits=470
2026-08-06 14:42:50,644 | INFO | hyde.loogle.runner | HyDE generation progress queries=480/1372 cache_hits=480
2026-08-06 14:42:50,644 | INFO | hyde.loogle.runner | HyDE generation progress queries=490/1372 cache_hits=490
2026-08-06 14:42:50,644 | INFO | hyde.loogle.runner | HyDE generation progress queries=500/1372 cache_hits=500
2026-08-06 14:42:50,644 | INFO | hyde.loogle.runner | HyDE generation progress queries=510/1372 cache_hits=510
2026-08-06 14:42:50,644 | INFO | hyde.loogle.runner | HyDE generation progress queries=520/1372 cache_hits=520
2026-08-06 14:42:50,644 | INFO | hyde.loogle.runner | HyDE generation progress queries=530/1372 cache_hits=530
2026-08-06 14:42:50,644 | INFO | hyde.loogle.runner | HyDE generation progress queries=540/1372 cache_hits=540
2026-08-06 14:42:50,644 | INFO | hyde.loogle.runner | HyDE generation progress queries=550/1372 cache_hits=550
2026-08-06 14:42:50,644 | INFO | hyde.loogle.runner | HyDE generation progress queries=560/1372 cache_hits=560
2026-08-06 14:42:50,645 | INFO | hyde.loogle.runner | HyDE generation progress queries=570/1372 cache_hits=570
2026-08-06 14:42:50,645 | INFO | hyde.loogle.runner | HyDE generation progress queries=580/1372 cache_hits=580
2026-08-06 14:42:50,645 | INFO | hyde.loogle.runner | HyDE generation progress queries=590/1372 cache_hits=590
2026-08-06 14:42:50,645 | INFO | hyde.loogle.runner | HyDE generation progress queries=600/1372 cache_hits=600
2026-08-06 14:42:50,645 | INFO | hyde.loogle.runner | HyDE generation progress queries=610/1372 cache_hits=610
2026-08-06 14:42:50,645 | INFO | hyde.loogle.runner | HyDE generation progress queries=620/1372 cache_hits=620
2026-08-06 14:42:50,645 | INFO | hyde.loogle.runner | HyDE generation progress queries=630/1372 cache_hits=630
2026-08-06 14:42:50,645 | INFO | hyde.loogle.runner | HyDE generation progress queries=640/1372 cache_hits=640
2026-08-06 14:42:50,645 | INFO | hyde.loogle.runner | HyDE generation progress queries=650/1372 cache_hits=650
2026-08-06 14:42:50,645 | INFO | hyde.loogle.runner | HyDE generation progress queries=660/1372 cache_hits=660
2026-08-06 14:42:50,645 | INFO | hyde.loogle.runner | HyDE generation progress queries=670/1372 cache_hits=670
2026-08-06 14:42:50,645 | INFO | hyde.loogle.runner | HyDE generation progress queries=680/1372 cache_hits=680
2026-08-06 14:42:50,645 | INFO | hyde.loogle.runner | HyDE generation progress queries=690/1372 cache_hits=690
2026-08-06 14:42:50,645 | INFO | hyde.loogle.runner | HyDE generation progress queries=700/1372 cache_hits=700
2026-08-06 14:42:50,645 | INFO | hyde.loogle.runner | HyDE generation progress queries=710/1372 cache_hits=710
2026-08-06 14:42:50,646 | INFO | hyde.loogle.runner | HyDE generation progress queries=720/1372 cache_hits=720
2026-08-06 14:42:50,646 | INFO | hyde.loogle.runner | HyDE generation progress queries=730/1372 cache_hits=730
2026-08-06 14:42:50,646 | INFO | hyde.loogle.runner | HyDE generation progress queries=740/1372 cache_hits=740
2026-08-06 14:42:50,646 | INFO | hyde.loogle.runner | HyDE generation progress queries=750/1372 cache_hits=750
2026-08-06 14:42:50,646 | INFO | hyde.loogle.runner | HyDE generation progress queries=760/1372 cache_hits=760
2026-08-06 14:42:50,646 | INFO | hyde.loogle.runner | HyDE generation progress queries=770/1372 cache_hits=770
2026-08-06 14:42:50,646 | INFO | hyde.loogle.runner | HyDE generation progress queries=780/1372 cache_hits=780
2026-08-06 14:42:50,646 | INFO | hyde.loogle.runner | HyDE generation progress queries=790/1372 cache_hits=790
2026-08-06 14:42:50,646 | INFO | hyde.loogle.runner | HyDE generation progress queries=800/1372 cache_hits=800
2026-08-06 14:42:50,646 | INFO | hyde.loogle.runner | HyDE generation progress queries=810/1372 cache_hits=810
2026-08-06 14:42:50,646 | INFO | hyde.loogle.runner | HyDE generation progress queries=820/1372 cache_hits=820
2026-08-06 14:42:50,646 | INFO | hyde.loogle.runner | HyDE generation progress queries=830/1372 cache_hits=830
2026-08-06 14:42:50,646 | INFO | hyde.loogle.runner | HyDE generation progress queries=840/1372 cache_hits=840
2026-08-06 14:42:50,646 | INFO | hyde.loogle.runner | HyDE generation progress queries=850/1372 cache_hits=850
2026-08-06 14:42:50,646 | INFO | hyde.loogle.runner | HyDE generation progress queries=860/1372 cache_hits=860
2026-08-06 14:42:50,646 | INFO | hyde.loogle.runner | HyDE generation progress queries=870/1372 cache_hits=870
2026-08-06 14:42:50,646 | INFO | hyde.loogle.runner | HyDE generation progress queries=880/1372 cache_hits=880
2026-08-06 14:42:50,647 | INFO | hyde.loogle.runner | HyDE generation progress queries=890/1372 cache_hits=890
2026-08-06 14:42:50,647 | INFO | hyde.loogle.runner | HyDE generation progress queries=900/1372 cache_hits=900
2026-08-06 14:42:50,647 | INFO | hyde.loogle.runner | HyDE generation progress queries=910/1372 cache_hits=910
2026-08-06 14:42:50,647 | INFO | hyde.loogle.runner | HyDE generation progress queries=920/1372 cache_hits=920
2026-08-06 14:42:50,647 | INFO | hyde.loogle.runner | HyDE generation progress queries=930/1372 cache_hits=930
2026-08-06 14:42:50,647 | INFO | hyde.loogle.runner | HyDE generation progress queries=940/1372 cache_hits=940
2026-08-06 14:42:50,647 | INFO | hyde.loogle.runner | HyDE generation progress queries=950/1372 cache_hits=950
2026-08-06 14:42:50,647 | INFO | hyde.loogle.runner | HyDE generation progress queries=960/1372 cache_hits=960
2026-08-06 14:42:50,647 | INFO | hyde.loogle.runner | HyDE generation progress queries=970/1372 cache_hits=970
2026-08-06 14:42:50,647 | INFO | hyde.loogle.runner | HyDE generation progress queries=980/1372 cache_hits=980
2026-08-06 14:42:50,647 | INFO | hyde.loogle.runner | HyDE generation progress queries=990/1372 cache_hits=990
2026-08-06 14:42:50,647 | INFO | hyde.loogle.runner | HyDE generation progress queries=1000/1372 cache_hits=1000
2026-08-06 14:42:50,647 | INFO | hyde.loogle.runner | HyDE generation progress queries=1010/1372 cache_hits=1010
2026-08-06 14:42:50,647 | INFO | hyde.loogle.runner | HyDE generation progress queries=1020/1372 cache_hits=1020
2026-08-06 14:42:50,647 | INFO | hyde.loogle.runner | HyDE generation progress queries=1030/1372 cache_hits=1030
2026-08-06 14:42:50,647 | INFO | hyde.loogle.runner | HyDE generation progress queries=1040/1372 cache_hits=1040
2026-08-06 14:42:50,647 | INFO | hyde.loogle.runner | HyDE generation progress queries=1050/1372 cache_hits=1050
2026-08-06 14:42:50,648 | INFO | hyde.loogle.runner | HyDE generation progress queries=1060/1372 cache_hits=1060
2026-08-06 14:42:50,648 | INFO | hyde.loogle.runner | HyDE generation progress queries=1070/1372 cache_hits=1070
2026-08-06 14:42:50,648 | INFO | hyde.loogle.runner | HyDE generation progress queries=1080/1372 cache_hits=1080
2026-08-06 14:42:50,648 | INFO | hyde.loogle.runner | HyDE generation progress queries=1090/1372 cache_hits=1090
2026-08-06 14:42:50,648 | INFO | hyde.loogle.runner | HyDE generation progress queries=1100/1372 cache_hits=1100
2026-08-06 14:42:50,648 | INFO | hyde.loogle.runner | HyDE generation progress queries=1110/1372 cache_hits=1110
2026-08-06 14:42:50,648 | INFO | hyde.loogle.runner | HyDE generation progress queries=1120/1372 cache_hits=1120
2026-08-06 14:42:50,648 | INFO | hyde.loogle.runner | HyDE generation progress queries=1130/1372 cache_hits=1130
2026-08-06 14:42:50,648 | INFO | hyde.loogle.runner | HyDE generation progress queries=1140/1372 cache_hits=1140
2026-08-06 14:42:50,648 | INFO | hyde.loogle.runner | HyDE generation progress queries=1150/1372 cache_hits=1150
2026-08-06 14:42:50,648 | INFO | hyde.loogle.runner | HyDE generation progress queries=1160/1372 cache_hits=1160
2026-08-06 14:42:50,648 | INFO | hyde.loogle.runner | HyDE generation progress queries=1170/1372 cache_hits=1170
2026-08-06 14:42:50,648 | INFO | hyde.loogle.runner | HyDE generation progress queries=1180/1372 cache_hits=1180
2026-08-06 14:42:50,648 | INFO | hyde.loogle.runner | HyDE generation progress queries=1190/1372 cache_hits=1190
2026-08-06 14:42:50,648 | INFO | hyde.loogle.runner | HyDE generation progress queries=1200/1372 cache_hits=1200
2026-08-06 14:42:50,648 | INFO | hyde.loogle.runner | HyDE generation progress queries=1210/1372 cache_hits=1210
2026-08-06 14:42:50,648 | INFO | hyde.loogle.runner | HyDE generation progress queries=1220/1372 cache_hits=1220
2026-08-06 14:42:50,648 | INFO | hyde.loogle.runner | HyDE generation progress queries=1230/1372 cache_hits=1230
2026-08-06 14:42:50,648 | INFO | hyde.loogle.runner | HyDE generation progress queries=1240/1372 cache_hits=1240
2026-08-06 14:42:50,649 | INFO | hyde.loogle.runner | HyDE generation progress queries=1250/1372 cache_hits=1250
2026-08-06 14:42:50,649 | INFO | hyde.loogle.runner | HyDE generation progress queries=1260/1372 cache_hits=1260
2026-08-06 14:42:50,649 | INFO | hyde.loogle.runner | HyDE generation progress queries=1270/1372 cache_hits=1270
2026-08-06 14:42:50,649 | INFO | hyde.loogle.runner | HyDE generation progress queries=1280/1372 cache_hits=1280
2026-08-06 14:42:50,649 | INFO | hyde.loogle.runner | HyDE generation progress queries=1290/1372 cache_hits=1290
2026-08-06 14:42:50,649 | INFO | hyde.loogle.runner | HyDE generation progress queries=1300/1372 cache_hits=1300
2026-08-06 14:42:50,649 | INFO | hyde.loogle.runner | HyDE generation progress queries=1310/1372 cache_hits=1310
2026-08-06 14:42:50,649 | INFO | hyde.loogle.runner | HyDE generation progress queries=1320/1372 cache_hits=1320
2026-08-06 14:42:50,649 | INFO | hyde.loogle.runner | HyDE generation progress queries=1330/1372 cache_hits=1330
2026-08-06 14:42:50,649 | INFO | hyde.loogle.runner | HyDE generation progress queries=1340/1372 cache_hits=1340
2026-08-06 14:42:50,649 | INFO | hyde.loogle.runner | HyDE generation progress queries=1350/1372 cache_hits=1350
2026-08-06 14:42:50,649 | INFO | hyde.loogle.runner | HyDE generation progress queries=1360/1372 cache_hits=1360
2026-08-06 14:42:50,649 | INFO | hyde.loogle.runner | HyDE generation progress queries=1370/1372 cache_hits=1370
2026-08-06 14:42:50,649 | INFO | hyde.loogle.runner | HyDE generation progress queries=1372/1372 cache_hits=1372
2026-08-06 14:42:53,456 | INFO | hyde.loogle.runner | HyDE retrieval progress retriever=bm25 queries=1/1372
2026-08-06 14:42:54,025 | INFO | hyde.loogle.runner | HyDE retrieval progress retriever=bm25 queries=10/1372
2026-08-06 14:42:54,470 | INFO | hyde.loogle.runner | HyDE retrieval progress retriever=bm25 queries=20/1372
2026-08-06 14:42:55,009 | INFO | hyde.loogle.runner | HyDE retrieval progress retriever=bm25 queries=30/1372
2026-08-06 14:42:55,506 | INFO | hyde.loogle.runner | HyDE retrieval progress retriever=bm25 queries=40/1372
2026-08-06 14:42:56,035 | INFO | hyde.loogle.runner | HyDE retrieval progress retriever=bm25 queries=50/1372
2026-08-06 14:42:56,397 | INFO | hyde.loogle.runner | HyDE retrieval progress retriever=bm25 queries=60/1372
2026-08-06 14:42:56,851 | INFO | hyde.loogle.runner | HyDE retrieval progress retriever=bm25 queries=70/1372
2026-08-06 14:42:57,291 | INFO | hyde.loogle.runner | HyDE retrieval progress retriever=bm25 queries=80/1372
2026-08-06 14:42:57,733 | INFO | hyde.loogle.runner | HyDE retrieval progress retriever=bm25 queries=90/1372
2026-08-06 14:42:58,260 | INFO | hyde.loogle.runner | HyDE retrieval progress retriever=bm25 queries=100/1372
2026-08-06 14:42:58,687 | INFO | hyde.loogle.runner | HyDE retrieval progress retriever=bm25 queries=110/1372
2026-08-06 14:42:59,048 | INFO | hyde.loogle.runner | HyDE retrieval progress retriever=bm25 queries=120/1372
2026-08-06 14:42:59,448 | INFO | hyde.loogle.runner | HyDE retrieval progress retriever=bm25 queries=130/1372
2026-08-06 14:42:59,784 | INFO | hyde.loogle.runner | HyDE retrieval progress retriever=bm25 queries=140/1372
2026-08-06 14:43:00,229 | INFO | hyde.loogle.runner | HyDE retrieval progress retriever=bm25 queries=150/1372
2026-08-06 14:43:00,652 | INFO | hyde.loogle.runner | HyDE retrieval progress retriever=bm25 queries=160/1372
2026-08-06 14:43:01,086 | INFO | hyde.loogle.runner | HyDE retrieval progress retriever=bm25 queries=170/1372
2026-08-06 14:43:01,615 | INFO | hyde.loogle.runner | HyDE retrieval progress retriever=bm25 queries=180/1372
2026-08-06 14:43:02,064 | INFO | hyde.loogle.runner | HyDE retrieval progress retriever=bm25 queries=190/1372
2026-08-06 14:43:02,462 | INFO | hyde.loogle.runner | HyDE retrieval progress retriever=bm25 queries=200/1372
2026-08-06 14:43:02,924 | INFO | hyde.loogle.runner | HyDE retrieval progress retriever=bm25 queries=210/1372
2026-08-06 14:43:03,268 | INFO | hyde.loogle.runner | HyDE retrieval progress retriever=bm25 queries=220/1372
2026-08-06 14:43:03,812 | INFO | hyde.loogle.runner | HyDE retrieval progress retriever=bm25 queries=230/1372
2026-08-06 14:43:04,284 | INFO | hyde.loogle.runner | HyDE retrieval progress retriever=bm25 queries=240/1372
2026-08-06 14:43:04,739 | INFO | hyde.loogle.runner | HyDE retrieval progress retriever=bm25 queries=250/1372
2026-08-06 14:43:05,174 | INFO | hyde.loogle.runner | HyDE retrieval progress retriever=bm25 queries=260/1372
2026-08-06 14:43:05,607 | INFO | hyde.loogle.runner | HyDE retrieval progress retriever=bm25 queries=270/1372
2026-08-06 14:43:05,988 | INFO | hyde.loogle.runner | HyDE retrieval progress retriever=bm25 queries=280/1372
2026-08-06 14:43:06,416 | INFO | hyde.loogle.runner | HyDE retrieval progress retriever=bm25 queries=290/1372
2026-08-06 14:43:06,829 | INFO | hyde.loogle.runner | HyDE retrieval progress retriever=bm25 queries=300/1372
2026-08-06 14:43:07,346 | INFO | hyde.loogle.runner | HyDE retrieval progress retriever=bm25 queries=310/1372
2026-08-06 14:43:07,880 | INFO | hyde.loogle.runner | HyDE retrieval progress retriever=bm25 queries=320/1372
2026-08-06 14:43:08,334 | INFO | hyde.loogle.runner | HyDE retrieval progress retriever=bm25 queries=330/1372
2026-08-06 14:43:08,771 | INFO | hyde.loogle.runner | HyDE retrieval progress retriever=bm25 queries=340/1372
2026-08-06 14:43:09,157 | INFO | hyde.loogle.runner | HyDE retrieval progress retriever=bm25 queries=350/1372
2026-08-06 14:43:09,611 | INFO | hyde.loogle.runner | HyDE retrieval progress retriever=bm25 queries=360/1372
2026-08-06 14:43:10,005 | INFO | hyde.loogle.runner | HyDE retrieval progress retriever=bm25 queries=370/1372
2026-08-06 14:43:10,430 | INFO | hyde.loogle.runner | HyDE retrieval progress retriever=bm25 queries=380/1372
2026-08-06 14:43:10,944 | INFO | hyde.loogle.runner | HyDE retrieval progress retriever=bm25 queries=390/1372
2026-08-06 14:43:11,391 | INFO | hyde.loogle.runner | HyDE retrieval progress retriever=bm25 queries=400/1372
2026-08-06 14:43:11,902 | INFO | hyde.loogle.runner | HyDE retrieval progress retriever=bm25 queries=410/1372
2026-08-06 14:43:12,548 | INFO | hyde.loogle.runner | HyDE retrieval progress retriever=bm25 queries=420/1372
2026-08-06 14:43:12,922 | INFO | hyde.loogle.runner | HyDE retrieval progress retriever=bm25 queries=430/1372
2026-08-06 14:43:13,325 | INFO | hyde.loogle.runner | HyDE retrieval progress retriever=bm25 queries=440/1372
2026-08-06 14:43:13,901 | INFO | hyde.loogle.runner | HyDE retrieval progress retriever=bm25 queries=450/1372
2026-08-06 14:43:14,264 | INFO | hyde.loogle.runner | HyDE retrieval progress retriever=bm25 queries=460/1372
2026-08-06 14:43:14,716 | INFO | hyde.loogle.runner | HyDE retrieval progress retriever=bm25 queries=470/1372
2026-08-06 14:43:15,201 | INFO | hyde.loogle.runner | HyDE retrieval progress retriever=bm25 queries=480/1372
2026-08-06 14:43:15,588 | INFO | hyde.loogle.runner | HyDE retrieval progress retriever=bm25 queries=490/1372
2026-08-06 14:43:16,062 | INFO | hyde.loogle.runner | HyDE retrieval progress retriever=bm25 queries=500/1372
2026-08-06 14:43:16,505 | INFO | hyde.loogle.runner | HyDE retrieval progress retriever=bm25 queries=510/1372
2026-08-06 14:43:16,898 | INFO | hyde.loogle.runner | HyDE retrieval progress retriever=bm25 queries=520/1372
2026-08-06 14:43:17,364 | INFO | hyde.loogle.runner | HyDE retrieval progress retriever=bm25 queries=530/1372
2026-08-06 14:43:17,779 | INFO | hyde.loogle.runner | HyDE retrieval progress retriever=bm25 queries=540/1372
2026-08-06 14:43:18,065 | INFO | hyde.loogle.runner | HyDE retrieval progress retriever=bm25 queries=550/1372
2026-08-06 14:43:18,478 | INFO | hyde.loogle.runner | HyDE retrieval progress retriever=bm25 queries=560/1372
2026-08-06 14:43:18,919 | INFO | hyde.loogle.runner | HyDE retrieval progress retriever=bm25 queries=570/1372
2026-08-06 14:43:19,332 | INFO | hyde.loogle.runner | HyDE retrieval progress retriever=bm25 queries=580/1372
2026-08-06 14:43:19,700 | INFO | hyde.loogle.runner | HyDE retrieval progress retriever=bm25 queries=590/1372
2026-08-06 14:43:20,150 | INFO | hyde.loogle.runner | HyDE retrieval progress retriever=bm25 queries=600/1372
2026-08-06 14:43:20,611 | INFO | hyde.loogle.runner | HyDE retrieval progress retriever=bm25 queries=610/1372
2026-08-06 14:43:20,963 | INFO | hyde.loogle.runner | HyDE retrieval progress retriever=bm25 queries=620/1372
2026-08-06 14:43:21,367 | INFO | hyde.loogle.runner | HyDE retrieval progress retriever=bm25 queries=630/1372
2026-08-06 14:43:21,858 | INFO | hyde.loogle.runner | HyDE retrieval progress retriever=bm25 queries=640/1372
2026-08-06 14:43:22,400 | INFO | hyde.loogle.runner | HyDE retrieval progress retriever=bm25 queries=650/1372
2026-08-06 14:43:22,801 | INFO | hyde.loogle.runner | HyDE retrieval progress retriever=bm25 queries=660/1372
2026-08-06 14:43:23,244 | INFO | hyde.loogle.runner | HyDE retrieval progress retriever=bm25 queries=670/1372
2026-08-06 14:43:23,742 | INFO | hyde.loogle.runner | HyDE retrieval progress retriever=bm25 queries=680/1372
2026-08-06 14:43:24,110 | INFO | hyde.loogle.runner | HyDE retrieval progress retriever=bm25 queries=690/1372
2026-08-06 14:43:24,525 | INFO | hyde.loogle.runner | HyDE retrieval progress retriever=bm25 queries=700/1372
2026-08-06 14:43:25,101 | INFO | hyde.loogle.runner | HyDE retrieval progress retriever=bm25 queries=710/1372
2026-08-06 14:43:25,451 | INFO | hyde.loogle.runner | HyDE retrieval progress retriever=bm25 queries=720/1372
2026-08-06 14:43:25,893 | INFO | hyde.loogle.runner | HyDE retrieval progress retriever=bm25 queries=730/1372
2026-08-06 14:43:26,331 | INFO | hyde.loogle.runner | HyDE retrieval progress retriever=bm25 queries=740/1372
2026-08-06 14:43:26,810 | INFO | hyde.loogle.runner | HyDE retrieval progress retriever=bm25 queries=750/1372
2026-08-06 14:43:27,279 | INFO | hyde.loogle.runner | HyDE retrieval progress retriever=bm25 queries=760/1372
2026-08-06 14:43:27,721 | INFO | hyde.loogle.runner | HyDE retrieval progress retriever=bm25 queries=770/1372
2026-08-06 14:43:28,158 | INFO | hyde.loogle.runner | HyDE retrieval progress retriever=bm25 queries=780/1372
2026-08-06 14:43:28,670 | INFO | hyde.loogle.runner | HyDE retrieval progress retriever=bm25 queries=790/1372
2026-08-06 14:43:29,087 | INFO | hyde.loogle.runner | HyDE retrieval progress retriever=bm25 queries=800/1372
2026-08-06 14:43:29,654 | INFO | hyde.loogle.runner | HyDE retrieval progress retriever=bm25 queries=810/1372
2026-08-06 14:43:30,066 | INFO | hyde.loogle.runner | HyDE retrieval progress retriever=bm25 queries=820/1372
2026-08-06 14:43:30,478 | INFO | hyde.loogle.runner | HyDE retrieval progress retriever=bm25 queries=830/1372
2026-08-06 14:43:30,901 | INFO | hyde.loogle.runner | HyDE retrieval progress retriever=bm25 queries=840/1372
2026-08-06 14:43:31,403 | INFO | hyde.loogle.runner | HyDE retrieval progress retriever=bm25 queries=850/1372
2026-08-06 14:43:31,862 | INFO | hyde.loogle.runner | HyDE retrieval progress retriever=bm25 queries=860/1372
2026-08-06 14:43:32,305 | INFO | hyde.loogle.runner | HyDE retrieval progress retriever=bm25 queries=870/1372
2026-08-06 14:43:32,604 | INFO | hyde.loogle.runner | HyDE retrieval progress retriever=bm25 queries=880/1372
2026-08-06 14:43:33,014 | INFO | hyde.loogle.runner | HyDE retrieval progress retriever=bm25 queries=890/1372
2026-08-06 14:43:33,365 | INFO | hyde.loogle.runner | HyDE retrieval progress retriever=bm25 queries=900/1372
2026-08-06 14:43:33,962 | INFO | hyde.loogle.runner | HyDE retrieval progress retriever=bm25 queries=910/1372
2026-08-06 14:43:34,369 | INFO | hyde.loogle.runner | HyDE retrieval progress retriever=bm25 queries=920/1372
2026-08-06 14:43:34,852 | INFO | hyde.loogle.runner | HyDE retrieval progress retriever=bm25 queries=930/1372
2026-08-06 14:43:35,314 | INFO | hyde.loogle.runner | HyDE retrieval progress retriever=bm25 queries=940/1372
2026-08-06 14:43:35,842 | INFO | hyde.loogle.runner | HyDE retrieval progress retriever=bm25 queries=950/1372
2026-08-06 14:43:36,338 | INFO | hyde.loogle.runner | HyDE retrieval progress retriever=bm25 queries=960/1372
2026-08-06 14:43:36,769 | INFO | hyde.loogle.runner | HyDE retrieval progress retriever=bm25 queries=970/1372
2026-08-06 14:43:37,210 | INFO | hyde.loogle.runner | HyDE retrieval progress retriever=bm25 queries=980/1372
2026-08-06 14:43:37,642 | INFO | hyde.loogle.runner | HyDE retrieval progress retriever=bm25 queries=990/1372
2026-08-06 14:43:38,176 | INFO | hyde.loogle.runner | HyDE retrieval progress retriever=bm25 queries=1000/1372
2026-08-06 14:43:38,756 | INFO | hyde.loogle.runner | HyDE retrieval progress retriever=bm25 queries=1010/1372
2026-08-06 14:43:39,267 | INFO | hyde.loogle.runner | HyDE retrieval progress retriever=bm25 queries=1020/1372
2026-08-06 14:43:39,653 | INFO | hyde.loogle.runner | HyDE retrieval progress retriever=bm25 queries=1030/1372
2026-08-06 14:43:40,077 | INFO | hyde.loogle.runner | HyDE retrieval progress retriever=bm25 queries=1040/1372
2026-08-06 14:43:40,460 | INFO | hyde.loogle.runner | HyDE retrieval progress retriever=bm25 queries=1050/1372
2026-08-06 14:43:40,899 | INFO | hyde.loogle.runner | HyDE retrieval progress retriever=bm25 queries=1060/1372
2026-08-06 14:43:41,266 | INFO | hyde.loogle.runner | HyDE retrieval progress retriever=bm25 queries=1070/1372
2026-08-06 14:43:41,732 | INFO | hyde.loogle.runner | HyDE retrieval progress retriever=bm25 queries=1080/1372
2026-08-06 14:43:42,207 | INFO | hyde.loogle.runner | HyDE retrieval progress retriever=bm25 queries=1090/1372
2026-08-06 14:43:42,639 | INFO | hyde.loogle.runner | HyDE retrieval progress retriever=bm25 queries=1100/1372
2026-08-06 14:43:43,145 | INFO | hyde.loogle.runner | HyDE retrieval progress retriever=bm25 queries=1110/1372
2026-08-06 14:43:43,586 | INFO | hyde.loogle.runner | HyDE retrieval progress retriever=bm25 queries=1120/1372
2026-08-06 14:43:44,109 | INFO | hyde.loogle.runner | HyDE retrieval progress retriever=bm25 queries=1130/1372
2026-08-06 14:43:44,588 | INFO | hyde.loogle.runner | HyDE retrieval progress retriever=bm25 queries=1140/1372
2026-08-06 14:43:44,990 | INFO | hyde.loogle.runner | HyDE retrieval progress retriever=bm25 queries=1150/1372
2026-08-06 14:43:45,377 | INFO | hyde.loogle.runner | HyDE retrieval progress retriever=bm25 queries=1160/1372
2026-08-06 14:43:45,865 | INFO | hyde.loogle.runner | HyDE retrieval progress retriever=bm25 queries=1170/1372
2026-08-06 14:43:46,381 | INFO | hyde.loogle.runner | HyDE retrieval progress retriever=bm25 queries=1180/1372
2026-08-06 14:43:46,815 | INFO | hyde.loogle.runner | HyDE retrieval progress retriever=bm25 queries=1190/1372
2026-08-06 14:43:47,237 | INFO | hyde.loogle.runner | HyDE retrieval progress retriever=bm25 queries=1200/1372
2026-08-06 14:43:47,684 | INFO | hyde.loogle.runner | HyDE retrieval progress retriever=bm25 queries=1210/1372
2026-08-06 14:43:48,151 | INFO | hyde.loogle.runner | HyDE retrieval progress retriever=bm25 queries=1220/1372
2026-08-06 14:43:48,518 | INFO | hyde.loogle.runner | HyDE retrieval progress retriever=bm25 queries=1230/1372
2026-08-06 14:43:48,962 | INFO | hyde.loogle.runner | HyDE retrieval progress retriever=bm25 queries=1240/1372
2026-08-06 14:43:49,477 | INFO | hyde.loogle.runner | HyDE retrieval progress retriever=bm25 queries=1250/1372
2026-08-06 14:43:49,928 | INFO | hyde.loogle.runner | HyDE retrieval progress retriever=bm25 queries=1260/1372
2026-08-06 14:43:50,349 | INFO | hyde.loogle.runner | HyDE retrieval progress retriever=bm25 queries=1270/1372
2026-08-06 14:43:50,770 | INFO | hyde.loogle.runner | HyDE retrieval progress retriever=bm25 queries=1280/1372
2026-08-06 14:43:51,161 | INFO | hyde.loogle.runner | HyDE retrieval progress retriever=bm25 queries=1290/1372
2026-08-06 14:43:51,522 | INFO | hyde.loogle.runner | HyDE retrieval progress retriever=bm25 queries=1300/1372
2026-08-06 14:43:51,960 | INFO | hyde.loogle.runner | HyDE retrieval progress retriever=bm25 queries=1310/1372
2026-08-06 14:43:52,330 | INFO | hyde.loogle.runner | HyDE retrieval progress retriever=bm25 queries=1320/1372
2026-08-06 14:43:52,782 | INFO | hyde.loogle.runner | HyDE retrieval progress retriever=bm25 queries=1330/1372
2026-08-06 14:43:53,247 | INFO | hyde.loogle.runner | HyDE retrieval progress retriever=bm25 queries=1340/1372
2026-08-06 14:43:53,681 | INFO | hyde.loogle.runner | HyDE retrieval progress retriever=bm25 queries=1350/1372
2026-08-06 14:43:54,147 | INFO | hyde.loogle.runner | HyDE retrieval progress retriever=bm25 queries=1360/1372
2026-08-06 14:43:54,580 | INFO | hyde.loogle.runner | HyDE retrieval progress retriever=bm25 queries=1370/1372
2026-08-06 14:43:54,669 | INFO | hyde.loogle.runner | HyDE retrieval progress retriever=bm25 queries=1372/1372
2026-08-06 14:43:55,407 | INFO | hyde.loogle.runner | Wrote HyDE evaluation artifacts: /home/iataghav/SAADI_hyde/hyde_evaluations/qasper_64k/hyde/bm25/top_5/qasper_64k_retrieval_ablation_hyde
2026-08-06 14:43:56,519 | INFO | hyde.loogle.runner | Wrote HyDE evaluation artifacts: /home/iataghav/SAADI_hyde/hyde_evaluations/qasper_64k/hyde/bm25/top_10/qasper_64k_retrieval_ablation_hyde
{
  "output_dirs": [
    "/home/iataghav/SAADI_hyde/hyde_evaluations/qasper_64k/hyde/bm25/top_5/qasper_64k_retrieval_ablation_hyde",
    "/home/iataghav/SAADI_hyde/hyde_evaluations/qasper_64k/hyde/bm25/top_10/qasper_64k_retrieval_ablation_hyde"
  ]
}
